// Jest Snapshot v1, https://goo.gl/fbAQLP

exports[`ConnectWalletModal snapshots should match snapshots 1`] = `
<div>
  <div
    class="p-4 flex justify-around"
  >
    <div />
    <div />
  </div>
</div>
`;
