// Jest Snapshot v1, https://goo.gl/fbAQLP

exports[`SubmittedTransactionProvider snapshots should match snapshots 1`] = `
<h1>
  Component
</h1>
`;
