// Jest Snapshot v1, https://goo.gl/fbAQLP

exports[`GlobalError snapshots should match snapshots 1`] = `
<span
  class="text-2xl font-semibold text-center"
>
  Something went wrong
</span>
`;
