// Jest Snapshot v1, https://goo.gl/fbAQLP

exports[`Modal snapshots should match snapshots 1`] = `null`;
