// Jest Snapshot v1, https://goo.gl/fbAQLP

exports[`SwapPage should render swap page 1`] = `
<div
  class="flex flex-col justify-center items-center pt-14"
>
  <div
    class="mb-8"
  >
    <span
      class="text-2xl font-semibold text-center"
    >
      Swap
    </span>
  </div>
  <div />
</div>
`;
